"blank"					"* MOVEMENT *"

"+forward"				"Move forward"
"+back"					"Move back"
"+left"					"Turn left"
"+right"				"Turn right"
"+moveleft"				"Move left (strafe)"
"+moveright"				"Move right (strafe)"
"+jump"					"Jump"
"+duck"					"Duck"
"+fly"					"Fly (Hold Key)"
"fly_toggle"				"Fly (Toggle Key)"

"blank"					" "
"blank"					"* ATTACK *"

"+attack"				"Primary attack"
"+attack2"				"Secondary attack"

"blank"					" "
"blank"					"* OTHER GAME COMMANDS *"

"+reload"				"Reload weapon"
"thirdperson"				"Toggle Thirdperson Mode"
"radio"					"Radio Command Menu"
"+voicerecord"				"Use Voice Communication"
"stopmusic"				"Disable Background Music"
"startmusic"				"Enable Background Music"
"centerview"				"Look straight ahead"
"+use"					"Use item (buttons, ...)"
"changeteam"				"Change Team"
"changeclass"				"Change Class"
"slot1"				"Slot 1 Banana (Weapon)"
"slot2"				"Slot 2 Melee Weapon"
"slot3" 			"Slot 3 Primary Weapon"
"slot4"				"Slot 4 Secondary Weapon"
"slot5"				"Slot 5 (for menu select)"
"slot6"				"Slot 6 (for menu select)"
"slot7"				"Slot 7 (for menu select)"
"slot8"				"Slot 8 (for menu select)"
"slot9"				"Slot 9 (for menu select)"
"slot10"				"Slot 0 (for menu select)"
"invprev"				"Previous weapon"
"invnext"				"Next weapon"
"lastinv"				"Last used weapon"
"+showscores"			"Display multiplayer scores"
"showfruits"			"Display fruit status (fs_maps)"
"messagemode"			"Chat message"
"snapshot"				"Take screen shot"
"quit"					"Quit game"